// Jest Snapshot v1, https://goo.gl/fbAQLP

exports[`first debe de hacer match con el snapshot 1`] = `
<div>
  <div
    class="card"
  >
    <img
      alt="goku"
      src="https://upload.wikimedia.org/wikipedia/commons/a/ad/Museo_del_Bicentenario_-_Zapatos_de_N%C3%A9stor_Kirchner.jpg"
    />
    <p>
      goku
    </p>
  </div>
</div>
`;
